c:\users\dduca\documents\code\zipper\src\outflank-zipper\zipper\x64\release\vc145.pdb
c:\users\dduca\documents\code\zipper\src\outflank-zipper\zipper\x64\release\reflectiveloader.obj
c:\users\dduca\documents\code\zipper\src\outflank-zipper\zipper\x64\release\reflectivedll.obj
c:\users\dduca\documents\code\zipper\src\outflank-zipper\zipper\x64\release\zip.obj
c:\users\dduca\documents\code\zipper\src\outflank-zipper\zipper\x64\release\unzip.obj
c:\users\dduca\documents\code\zipper\src\outflank-zipper\zipper\x64\release\iowin32.obj
c:\users\dduca\documents\code\zipper\src\outflank-zipper\zipper\x64\release\ioapi.obj
c:\users\dduca\documents\code\zipper\src\outflank-zipper\x64\release\zipper.dll
c:\users\dduca\documents\code\zipper\src\outflank-zipper\x64\release\zipper.lib
c:\users\dduca\documents\code\zipper\src\outflank-zipper\x64\release\zipper.exp
c:\users\dduca\documents\code\zipper\src\outflank-zipper\zipper\x64\release\zipper.ipdb
c:\users\dduca\documents\code\zipper\src\outflank-zipper\zipper\x64\release\zipper.iobj
c:\users\dduca\documents\code\zipper\src\outflank-zipper\zipper\x64\release\zipper.tlog\cl.command.1.tlog
c:\users\dduca\documents\code\zipper\src\outflank-zipper\zipper\x64\release\zipper.tlog\cl.items.tlog
c:\users\dduca\documents\code\zipper\src\outflank-zipper\zipper\x64\release\zipper.tlog\cl.read.1.tlog
c:\users\dduca\documents\code\zipper\src\outflank-zipper\zipper\x64\release\zipper.tlog\cl.write.1.tlog
c:\users\dduca\documents\code\zipper\src\outflank-zipper\zipper\x64\release\zipper.tlog\link.command.1.tlog
c:\users\dduca\documents\code\zipper\src\outflank-zipper\zipper\x64\release\zipper.tlog\link.read.1.tlog
c:\users\dduca\documents\code\zipper\src\outflank-zipper\zipper\x64\release\zipper.tlog\link.secondary.1.tlog
c:\users\dduca\documents\code\zipper\src\outflank-zipper\zipper\x64\release\zipper.tlog\link.write.1.tlog
